// Jest Snapshot v1, https://goo.gl/fbAQLP

exports[`getFlattenedTree should match snapshot 1`] = `
Array [
  Object {
    "children": Array [
      Object {
        "children": Array [
          Object {
            "children": Array [
              Object {
                "id": "c-3",
                "name": "Leaf 3 Child",
                "state": Object {},
              },
            ],
            "id": 3,
            "name": "Leaf 3",
            "state": Object {
              "deletable": true,
              "expanded": false,
              "favorite": true,
            },
          },
          Object {
            "id": 4,
            "name": "Leaf 4",
          },
        ],
        "id": 2,
        "name": "Leaf 2",
        "state": Object {
          "deletable": true,
          "expanded": true,
        },
      },
      Object {
        "id": 5,
        "name": "Leaf 5",
      },
    ],
    "deepness": 0,
    "id": 0,
    "name": "Leaf 1",
    "parents": Array [],
    "state": Object {
      "expanded": true,
    },
  },
  Object {
    "children": Array [
      Object {
        "children": Array [
          Object {
            "id": "c-3",
            "name": "Leaf 3 Child",
            "state": Object {},
          },
        ],
        "id": 3,
        "name": "Leaf 3",
        "state": Object {
          "deletable": true,
          "expanded": false,
          "favorite": true,
        },
      },
      Object {
        "id": 4,
        "name": "Leaf 4",
      },
    ],
    "deepness": 1,
    "id": 2,
    "name": "Leaf 2",
    "parents": Array [
      0,
    ],
    "state": Object {
      "deletable": true,
      "expanded": true,
    },
  },
  Object {
    "children": Array [
      Object {
        "id": "c-3",
        "name": "Leaf 3 Child",
        "state": Object {},
      },
    ],
    "deepness": 2,
    "id": 3,
    "name": "Leaf 3",
    "parents": Array [
      0,
      2,
    ],
    "state": Object {
      "deletable": true,
      "expanded": false,
      "favorite": true,
    },
  },
  Object {
    "deepness": 2,
    "id": 4,
    "name": "Leaf 4",
    "parents": Array [
      0,
      2,
    ],
  },
  Object {
    "deepness": 1,
    "id": 5,
    "name": "Leaf 5",
    "parents": Array [
      0,
    ],
  },
  Object {
    "children": Array [
      Object {
        "children": Array [
          Object {
            "id": 7,
            "name": "Leaf 8",
          },
          Object {
            "id": 8,
            "name": "Leaf 9",
          },
        ],
        "id": 6,
        "name": "Leaf 7",
        "state": Object {
          "expanded": false,
        },
      },
      Object {
        "id": 9,
        "name": "Leaf 10",
      },
    ],
    "deepness": 0,
    "id": 1,
    "name": "Leaf 6",
    "parents": Array [],
    "state": Object {
      "deletable": true,
      "expanded": false,
    },
  },
  Object {
    "deepness": 0,
    "id": "z",
    "name": "Leaf z",
    "parents": Array [],
    "state": Object {
      "deletable": true,
      "favorite": true,
    },
  },
]
`;

exports[`getFlattenedTreePaths, should match snapshot 1`] = `
Array [
  Array [
    0,
  ],
  Array [
    0,
    2,
  ],
  Array [
    0,
    2,
    3,
  ],
  Array [
    0,
    2,
    4,
  ],
  Array [
    0,
    5,
  ],
  Array [
    1,
  ],
  Array [
    "z",
  ],
]
`;
