// Jest Snapshot v1, https://goo.gl/fbAQLP

exports[`DefaultGroupRenderer should render an option for each group 1`] = `
Array [
  "All",
  "Top",
  "Bottom",
]
`;
